Archive member included to satisfy reference by file (symbol)

/opt/riscv32i/lib/gcc/riscv32-unknown-elf/8.2.0/libgcc.a(div.o)
                              firmware/print.o (__udivsi3)

Discarded input sections

 .debug_line    0x0000000000000000      0x169 /opt/riscv32i/lib/gcc/riscv32-unknown-elf/8.2.0/libgcc.a(div.o)
 .debug_info    0x0000000000000000       0x26 /opt/riscv32i/lib/gcc/riscv32-unknown-elf/8.2.0/libgcc.a(div.o)
 .debug_abbrev  0x0000000000000000       0x14 /opt/riscv32i/lib/gcc/riscv32-unknown-elf/8.2.0/libgcc.a(div.o)
 .debug_aranges
                0x0000000000000000       0x20 /opt/riscv32i/lib/gcc/riscv32-unknown-elf/8.2.0/libgcc.a(div.o)
 .debug_str     0x0000000000000000       0xc8 /opt/riscv32i/lib/gcc/riscv32-unknown-elf/8.2.0/libgcc.a(div.o)

Memory Configuration

Name             Origin             Length             Attributes
mem              0x0000000000000000 0x0000000000018000
code             0x00000000c0000000 0x0000000000008000
*default*        0x0000000000000000 0xffffffffffffffff

Linker script and memory map


.text           0x00000000c0000000      0x4a8
                0x00000000c0000000                . = ALIGN (0x4)
 *(.text)
 .text          0x00000000c0000000       0x8a firmware/start.o
 .text          0x00000000c000008a       0x8e firmware/print.o
                0x00000000c000008a                print_chr
                0x00000000c0000092                print_str
                0x00000000c00000a4                print_dec
                0x00000000c00000f0                print_hex
 .text          0x00000000c0000118      0x2a4 main.o
                0x00000000c0000118                swap
                0x00000000c000014e                heapify
                0x00000000c000022e                heapSort
                0x00000000c00002ba                main
 *fill*         0x00000000c00003bc        0x0 
 .text          0x00000000c00003bc       0xb4 /opt/riscv32i/lib/gcc/riscv32-unknown-elf/8.2.0/libgcc.a(div.o)
                0x00000000c00003bc                __divsi3
                0x00000000c00003c4                __udivsi3
                0x00000000c000040c                __umodsi3
                0x00000000c0000440                __modsi3
 *(.text*)
 *(.rodata)
 .rodata        0x00000000c0000470       0x23 main.o
 *(.rodata*)
 *fill*         0x00000000c0000493        0x1 
 .rodata.str1.4
                0x00000000c0000494       0x14 firmware/print.o
                                         0x11 (size before relaxing)
 *(.srodata)
 *(.srodata*)
                0x00000000c00004a8                . = ALIGN (0x4)
                0x00000000c00004a8                _etext = .
                0x00000000c00004a8                _sidata = _etext

.data           0x0000000000000000        0x0 load address 0x00000000c00004a8
                0x0000000000000000                . = ALIGN (0x4)
                0x0000000000000000                _sdata = .
                0x0000000000000000                _ram_start = .
                0x0000000000000000                . = ALIGN (0x4)
 *(.data)
 .data          0x0000000000000000        0x0 firmware/start.o
 .data          0x0000000000000000        0x0 firmware/print.o
 .data          0x0000000000000000        0x0 main.o
 .data          0x0000000000000000        0x0 /opt/riscv32i/lib/gcc/riscv32-unknown-elf/8.2.0/libgcc.a(div.o)
 *(.data*)
 *(.sdata)
 *(.sdata*)
                0x0000000000000000                . = ALIGN (0x4)
                0x0000000000000000                _edata = .

.bss            0x0000000000000000        0x0 load address 0x00000000c00004a8
                0x0000000000000000                . = ALIGN (0x4)
                0x0000000000000000                _sbss = .
 *(.bss)
 .bss           0x0000000000000000        0x0 firmware/start.o
 .bss           0x0000000000000000        0x0 firmware/print.o
 .bss           0x0000000000000000        0x0 main.o
 .bss           0x0000000000000000        0x0 /opt/riscv32i/lib/gcc/riscv32-unknown-elf/8.2.0/libgcc.a(div.o)
 *(.bss*)
 *(.sbss)
 *(.sbss*)
 *(COMMON)
                0x0000000000000000                . = ALIGN (0x4)
                0x0000000000000000                _ebss = .
LOAD firmware/start.o
LOAD firmware/print.o
LOAD main.o
LOAD /opt/riscv32i/lib/gcc/riscv32-unknown-elf/8.2.0/libgcc.a
OUTPUT(firmware/firmware.elf elf32-littleriscv)

.comment        0x0000000000000000       0x11
 .comment       0x0000000000000000       0x11 firmware/print.o
                                         0x12 (size before relaxing)
 .comment       0x0000000000000011       0x12 main.o
