Archive member included to satisfy reference by file (symbol)

/opt/riscv32i/lib/gcc/riscv32-unknown-elf/8.2.0/libgcc.a(div.o)
                              firmware/print.o (__udivsi3)

Discarded input sections

 .debug_line    0x0000000000000000      0x169 /opt/riscv32i/lib/gcc/riscv32-unknown-elf/8.2.0/libgcc.a(div.o)
 .debug_info    0x0000000000000000       0x26 /opt/riscv32i/lib/gcc/riscv32-unknown-elf/8.2.0/libgcc.a(div.o)
 .debug_abbrev  0x0000000000000000       0x14 /opt/riscv32i/lib/gcc/riscv32-unknown-elf/8.2.0/libgcc.a(div.o)
 .debug_aranges
                0x0000000000000000       0x20 /opt/riscv32i/lib/gcc/riscv32-unknown-elf/8.2.0/libgcc.a(div.o)
 .debug_str     0x0000000000000000       0xc8 /opt/riscv32i/lib/gcc/riscv32-unknown-elf/8.2.0/libgcc.a(div.o)

Memory Configuration

Name             Origin             Length             Attributes
mem              0x0000000000000000 0x0000000000018000
code             0x00000000c0000000 0x0000000000008000
*default*        0x0000000000000000 0xffffffffffffffff

Linker script and memory map


.text           0x00000000c0000000      0x5e8
                0x00000000c0000000                . = ALIGN (0x4)
 *(.text)
 .text          0x00000000c0000000       0x88 firmware/start.o
 .text          0x00000000c0000088       0xe0 firmware/print.o
                0x00000000c0000088                print_chr
                0x00000000c0000094                print_str
                0x00000000c00000b0                print_dec
                0x00000000c0000130                print_hex
 .text          0x00000000c0000168      0x394 main.o
                0x00000000c0000168                swap
                0x00000000c00001b4                heapify
                0x00000000c00002d4                heapSort
                0x00000000c0000390                main
 .text          0x00000000c00004fc       0xb4 /opt/riscv32i/lib/gcc/riscv32-unknown-elf/8.2.0/libgcc.a(div.o)
                0x00000000c00004fc                __divsi3
                0x00000000c0000504                __udivsi3
                0x00000000c000054c                __umodsi3
                0x00000000c0000580                __modsi3
 *(.text*)
 *(.rodata)
 .rodata        0x00000000c00005b0       0x23 main.o
 *(.rodata*)
 *fill*         0x00000000c00005d3        0x1 
 .rodata.str1.4
                0x00000000c00005d4       0x14 firmware/print.o
                                         0x11 (size before relaxing)
 *(.srodata)
 *(.srodata*)
                0x00000000c00005e8                . = ALIGN (0x4)
                0x00000000c00005e8                _etext = .
                0x00000000c00005e8                _sidata = _etext

.data           0x0000000000000000        0x0 load address 0x00000000c00005e8
                0x0000000000000000                . = ALIGN (0x4)
                0x0000000000000000                _sdata = .
                0x0000000000000000                _ram_start = .
                0x0000000000000000                . = ALIGN (0x4)
 *(.data)
 .data          0x0000000000000000        0x0 firmware/start.o
 .data          0x0000000000000000        0x0 firmware/print.o
 .data          0x0000000000000000        0x0 main.o
 .data          0x0000000000000000        0x0 /opt/riscv32i/lib/gcc/riscv32-unknown-elf/8.2.0/libgcc.a(div.o)
 *(.data*)
 *(.sdata)
 *(.sdata*)
                0x0000000000000000                . = ALIGN (0x4)
                0x0000000000000000                _edata = .

.bss            0x0000000000000000        0x0 load address 0x00000000c00005e8
                0x0000000000000000                . = ALIGN (0x4)
                0x0000000000000000                _sbss = .
 *(.bss)
 .bss           0x0000000000000000        0x0 firmware/start.o
 .bss           0x0000000000000000        0x0 firmware/print.o
 .bss           0x0000000000000000        0x0 main.o
 .bss           0x0000000000000000        0x0 /opt/riscv32i/lib/gcc/riscv32-unknown-elf/8.2.0/libgcc.a(div.o)
 *(.bss*)
 *(.sbss)
 *(.sbss*)
 *(COMMON)
                0x0000000000000000                . = ALIGN (0x4)
                0x0000000000000000                _ebss = .
LOAD firmware/start.o
LOAD firmware/print.o
LOAD main.o
LOAD /opt/riscv32i/lib/gcc/riscv32-unknown-elf/8.2.0/libgcc.a
OUTPUT(firmware/firmware.elf elf32-littleriscv)

.comment        0x0000000000000000       0x11
 .comment       0x0000000000000000       0x11 firmware/print.o
                                         0x12 (size before relaxing)
 .comment       0x0000000000000011       0x12 main.o
